// Jest Snapshot v1, https://goo.gl/fbAQLP

exports[`new84.php 1`] = `
====================================options=====================================
parsers: ["php"]
phpVersion: "8.4"
printWidth: 80
                                                                                | printWidth
=====================================input======================================
<?php

new Foo->prop;
new Foo->method();
new Foo->$var;

=====================================output=====================================
<?php

new Foo()->prop;
new Foo()->method();
new Foo()->$var;

================================================================================
`;
