// Jest Snapshot v1, https://goo.gl/fbAQLP

exports[`propertylookup.php 1`] = `
<?php

$a = $obj->value;
$a = &$obj->getValue();
$obj->value = 2;

$b = $this->{foo};
$b = $this->{foo['bar']};
$b = $this->{'foo' . $bar};
~~~~~~~~~~~~~~~~~~~~~~~~~~~~~~~~~~~~~~~~~~~~~~~~~~~~~~~~~~~~~~~~~~~~~~~~~~~~~~~~
<?php
$a = $obj->value;
$a = &$obj->getValue();
$obj->value = 2;

$b = $this->{foo};
$b = $this->{foo['bar']};
$b = $this->{'foo' . $bar};

`;
