// Jest Snapshot v1, https://goo.gl/fbAQLP

exports[`comments.php 1`] = `
<?php
/** @var int $int This is a counter. */
$int = 0;

// there should be no docblock here
$int++;

// multi
// line
// comment
// test
$hi = 1;

/**
 * Multi line
* test with wrong indentation
*/

/**
 * Multi line
 * test with right indentation
 */

/**
 * This class acts as an example on where to position a DocBlock.
 */
class Foo
{
    /** @var string|null $title contains a title for the Foo with a max. length of 24 characters */
    protected $title = null;

    /**
     * Sets a single-line title.
     *
     * @param string $title A text with a maximum of 24 characters.
     *
     * @return void
     */
    public function setTitle($title)
    {
        // there should be no docblock here
        $this->title = $title;
    }
}

/*********************
 * Some long comment *
 *********************/

// This is a one-line c++ style comment

/* This is a multi line comment
   yet another line of comment */

/*
This is a multiple-lines comment block
that spans over multiple
lines
*/

# This is a one-line shell-style comment
~~~~~~~~~~~~~~~~~~~~~~~~~~~~~~~~~~~~~~~~~~~~~~~~~~~~~~~~~~~~~~~~~~~~~~~~~~~~~~~~
/** @var int $int This is a counter. */
<?php
$int = 0;

// there should be no docblock here
$int++;

// multi
// line
// comment
// test
$hi = 1;

/**
 * Multi line
 * test with wrong indentation
 */

/**
 * Multi line
 * test with right indentation
 */

/**
 * This class acts as an example on where to position a DocBlock.
 */
class Foo
{
    /** @var string|null $title contains a title for the Foo with a max. length of 24 characters */
    protected $title = null;

    /**
     * Sets a single-line title.
     *
     * @param string $title A text with a maximum of 24 characters.
     *
     * @return void
     */
    public function setTitle($title)
    {
        // there should be no docblock here
        $this->title = $title;
    }

    /**
     * Some long comment *
     */

    // This is a one-line c++ style comment

    /**
     * This is a multi line comment
     * yet another line of comment
     */

    /**
     * This is a multiple-lines comment block
     * that spans over multiple
     * lines
     */

    # This is a one-line shell-style comment
}

`;
