// Jest Snapshot v1, https://goo.gl/fbAQLP

exports[`goto.php 1`] = `
====================================options=====================================
parsers: ["php"]
printWidth: 80
                                                                                | printWidth
=====================================input======================================
<?php
goto a;
echo 'Foo';

a:
echo 'Bar';

=====================================output=====================================
<?php
goto a;
echo "Foo";

a:
echo "Bar";

================================================================================
`;
