// Jest Snapshot v1, https://goo.gl/fbAQLP

exports[`unset.php 1`] = `
====================================options=====================================
parsers: ["php"]
printWidth: 80
                                                                                | printWidth
=====================================input======================================
<?php
unset($foo);
unset($veryVeryVeryVeryVeryVeryVeryVeryVeryVeryVeryVeryVeryVeryVeryVeryVeryVeryLongVariable);
unset($bar['quux']);
unset($foo1, $foo2, $foo3);
unset($veryVeryVeryVeryVeryVeryVeryVeryVeryVeryVeryVeryVeryVeryVeryVeryVeryVeryLongVariable, $veryVeryVeryVeryVeryVeryVeryVeryVeryVeryVeryVeryVeryVeryVeryVeryVeryVeryLongVariable, $veryVeryVeryVeryVeryVeryVeryVeryVeryVeryVeryVeryVeryVeryVeryVeryVeryVeryLongVariable);
unset($GLOBALS['bar']);
unset($GLOBALS[$_SESSION][$sessionVariableName]);
unset($a->a);
unset($a->a->b);
unset($veryVeryVeryVeryVeryVeryVeryVeryVeryVeryVeryVeryVeryVeryVeryVeryVeryVeryLongVariable->veryVeryVeryVeryVeryVeryVeryVeryVeryVeryVeryVeryVeryVeryVeryVeryVeryVeryLongProperty->veryVeryVeryVeryVeryVeryVeryVeryVeryVeryVeryVeryVeryVeryVeryVeryVeryVeryLongProperty);

=====================================output=====================================
<?php
unset($foo);
unset(
    $veryVeryVeryVeryVeryVeryVeryVeryVeryVeryVeryVeryVeryVeryVeryVeryVeryVeryLongVariable
);
unset($bar["quux"]);
unset($foo1, $foo2, $foo3);
unset(
    $veryVeryVeryVeryVeryVeryVeryVeryVeryVeryVeryVeryVeryVeryVeryVeryVeryVeryLongVariable,
    $veryVeryVeryVeryVeryVeryVeryVeryVeryVeryVeryVeryVeryVeryVeryVeryVeryVeryLongVariable,
    $veryVeryVeryVeryVeryVeryVeryVeryVeryVeryVeryVeryVeryVeryVeryVeryVeryVeryLongVariable
);
unset($GLOBALS["bar"]);
unset($GLOBALS[$_SESSION][$sessionVariableName]);
unset($a->a);
unset($a->a->b);
unset(
    $veryVeryVeryVeryVeryVeryVeryVeryVeryVeryVeryVeryVeryVeryVeryVeryVeryVeryLongVariable
        ->veryVeryVeryVeryVeryVeryVeryVeryVeryVeryVeryVeryVeryVeryVeryVeryVeryVeryLongProperty
        ->veryVeryVeryVeryVeryVeryVeryVeryVeryVeryVeryVeryVeryVeryVeryVeryVeryVeryLongProperty
);

================================================================================
`;
