// Jest Snapshot v1, https://goo.gl/fbAQLP

exports[`block.php 1`] = `
====================================options=====================================
parsers: ["php"]
printWidth: 80
                                                                                | printWidth
=====================================input======================================
<?php

function test() {{{
    return "1";
}}}

if (true) {{
    echo "1";
}} else {{{
    echo "2";
}}}

=====================================output=====================================
<?php

function test()
{
  return "1";
}

if (true) {
  echo "1";
} else {
  echo "2";
}

================================================================================
`;
