// Jest Snapshot v1, https://goo.gl/fbAQLP

exports[`yield.php 1`] = `
<?php
function from() {
  yield 1;
  yield 2;
  yield 3;
  yield $test => 3;
}
function gen() {
  yield 0;
  yield from from();
  yield 4;
}
~~~~~~~~~~~~~~~~~~~~~~~~~~~~~~~~~~~~~~~~~~~~~~~~~~~~~~~~~~~~~~~~~~~~~~~~~~~~~~~~
<?php
function from()
{
  yield 1;
  yield 2;
  yield 3;
  yield $test => 3;
}
function gen()
{
  yield 0;
  yield from from();
  yield 4;
}

`;
