// Jest Snapshot v1, https://goo.gl/fbAQLP

exports[`constants.php - php-verify: constants.php 1`] = `
<?php
define("TEST_CONSTANT", 1);

const OTHER_TEST_CONSTANT = 2;
const ONE = 1;
const TWO = ONE * 2;

$test = TEST_CONSTANT;
$test = OTHER_TEST_CONSTANT;
~~~~~~~~~~~~~~~~~~~~~~~~~~~~~~~~~~~~~~~~~~~~~~~~~~~~~~~~~~~~~~~~~~~~~~~~~~~~~~~~
<?php
define("TEST_CONSTANT", 1);

const OTHER_TEST_CONSTANT = 2;
const ONE = 1;
const TWO = ONE * 2;

$test = TEST_CONSTANT;
$test = OTHER_TEST_CONSTANT;

`;
