// Jest Snapshot v1, https://goo.gl/fbAQLP

exports[`constants.php 1`] = `
====================================options=====================================
parsers: ["php"]
printWidth: 80
                                                                                | printWidth
=====================================input======================================
<?php
define("TEST_CONSTANT", 1);

const OTHER_TEST_CONSTANT = 2;
const ONE = 1;
const TWO = ONE * 2;

$test = TEST_CONSTANT;
$test = OTHER_TEST_CONSTANT;

const FIRST = "Hello", SECOND = "world", THIRD = "!";
const VERY_VERY_VERY_VERY_VERY_VERY_VERY_LONG_FIRST = "Hello", SECOND = "world", THIRD = "!";
const FIRST = "Hello", VERY_VERY_VERY_VERY_VERY_VERY_VERY_LONG_SECOND = "world", THIRD = "!";
const VERY_VERY_VERY_VERY_VERY_VERY_VERY_LONG_FIRST_FIRST = "Hello", VERY_VERY_VERY_VERY_VERY_VERY_VERY_LONG_SECOND = "world", VERY_VERY_VERY_VERY_VERY_VERY_VERY_LONG_FIRST_THIRD = "!";

const ARRAY_1 = ['value', 'other-value'], ARRAY_2 = ['value', 'other-value'];

const STRING =
    'string' .
    'string' .
    'string' .
    'string' .
    'string' .
    'string' .
    'string' .
    'string';

const FOOF = 'string
string
string', BAAR = 'string
string
string';

=====================================output=====================================
<?php
define("TEST_CONSTANT", 1);

const OTHER_TEST_CONSTANT = 2;
const ONE = 1;
const TWO = ONE * 2;

$test = TEST_CONSTANT;
$test = OTHER_TEST_CONSTANT;

const FIRST = "Hello",
    SECOND = "world",
    THIRD = "!";
const VERY_VERY_VERY_VERY_VERY_VERY_VERY_LONG_FIRST = "Hello",
    SECOND = "world",
    THIRD = "!";
const FIRST = "Hello",
    VERY_VERY_VERY_VERY_VERY_VERY_VERY_LONG_SECOND = "world",
    THIRD = "!";
const VERY_VERY_VERY_VERY_VERY_VERY_VERY_LONG_FIRST_FIRST = "Hello",
    VERY_VERY_VERY_VERY_VERY_VERY_VERY_LONG_SECOND = "world",
    VERY_VERY_VERY_VERY_VERY_VERY_VERY_LONG_FIRST_THIRD = "!";

const ARRAY_1 = ["value", "other-value"],
    ARRAY_2 = ["value", "other-value"];

const STRING =
    "string" .
    "string" .
    "string" .
    "string" .
    "string" .
    "string" .
    "string" .
    "string";

const FOOF = 'string
string
string',
    BAAR = 'string
string
string';

================================================================================
`;
